wojtona@L0403 MINGW64 /d/Git learning (master)
$ git init
Initialized empty Git repository in D:/Git learning/.git/

wojtona@L0403 MINGW64 /d/Git learning (master)
$ git add gardian.txt

wojtona@L0403 MINGW64 /d/Git learning (master)
$ git commit -m "first commit"
[master (root-commit) 8b53af5] first commit
 1 file changed, 0 insertions(+), 0 deletions(-)
 create mode 100644 gardian.txt

wojtona@L0403 MINGW64 /d/Git learning (master)
$ git remote add origin https://github.com/gardian91/MyFirstGitProject.git

wojtona@L0403 MINGW64 /d/Git learning (master)
$ git push -u origin master
remote: Invalid username or password.
fatal: Authentication failed for 'https://github.com/gardian91/MyFirstGitProject.git/'

wojtona@L0403 MINGW64 /d/Git learning (master)
$ git push -u origin master
Counting objects: 3, done.
Writing objects: 100% (3/3), 208 bytes | 0 bytes/s, done.
Total 3 (delta 0), reused 0 (delta 0)
To https://github.com/gardian91/MyFirstGitProject.git
 * [new branch]      master -> master
Branch master set up to track remote branch master from origin.
